../Core/Src/LCD_Driver.c:34:6:LCD_GPIO_Init	56	static
../Core/Src/LCD_Driver.c:117:6:LTCD_Layer_Init	72	static
../Core/Src/LCD_Driver.c:144:6:clearScreen	8	static
../Core/Src/LCD_Driver.c:149:6:LTCD__Init	8	static
../Core/Src/LCD_Driver.c:208:6:LCD_Draw_Pixel	16	static
../Core/Src/LCD_Driver.c:218:6:LCD_Draw_Circle_Fill	32	static
../Core/Src/LCD_Driver.c:232:6:LCD_Draw_Vertical_Line	32	static
../Core/Src/LCD_Driver.c:240:6:LCD_Clear	24	static
../Core/Src/LCD_Driver.c:251:6:LCD_SetTextColor	16	static
../Core/Src/LCD_Driver.c:257:6:LCD_SetFont	16	static
../Core/Src/LCD_Driver.c:263:6:LCD_Draw_Char	24	static
../Core/Src/LCD_Driver.c:283:6:LCD_DisplayChar	16	static
../Core/Src/LCD_Driver.c:289:6:visualDemo	16	static
../Core/Src/LCD_Driver.c:339:6:LCD_Error_Handler	4	static,ignoring_inline_asm
../Core/Src/LCD_Driver.c:354:6:InitializeLCDTouch	8	static
../Core/Src/LCD_Driver.c:362:18:returnTouchStateAndLocation	16	static
../Core/Src/LCD_Driver.c:367:6:DetermineTouchPosition	16	static
../Core/Src/LCD_Driver.c:372:9:ReadRegisterFromTouchModule	16	static
../Core/Src/LCD_Driver.c:377:6:WriteDataToTouchModule	16	static
